=== canonical component contract ===
{
  "file": "00_V0.8.2_CANVAS_Cellular_architecture_and_neighborhood-informed_virtual_spatial_tumor_profiling.html",
  "bilingual_units": 111,
  "figure_cards": 14,
  "table_cards": 5,
  "references": 112,
  "errors": [
    "figure card 7 image missing data-complete-page",
    "figure card 8 image missing data-complete-page",
    "figure card 9 image missing data-complete-page",
    "figure card 10 image missing data-complete-page",
    "figure card 11 image missing data-complete-page",
    "figure card 12 image missing data-complete-page",
    "figure card 13 image missing data-complete-page",
    "figure card 14 image missing data-complete-page",
    "table card 1 captions mismatch",
    "table card 2 captions mismatch",
    "table card 3 captions mismatch",
    "table card 4 captions mismatch",
    "table card 5 captions mismatch",
    "paper section 40 missing canonical data-level/title"
  ],
  "passed": false
}
canonical_rc=0
=== smoke render ===
{
  "output": "experiments/V0.8.2_template_lock/output/V0.8.2_COMPONENT_LOCKED_SMOKE.html",
  "sha256": "7c72fe0c801a836d13334f84d47b6b8e053b547d4eaf9bdf001ccc76da624afb",
  "sections": 2,
  "paragraphs": 2,
  "assets": 2,
  "references": 1
}
smoke_render_rc=0
{
  "file": "V0.8.2_COMPONENT_LOCKED_SMOKE.html",
  "bilingual_units": 2,
  "figure_cards": 1,
  "table_cards": 1,
  "references": 1,
  "errors": [],
  "passed": true
}
smoke_component_rc=0
{
  "canonical": "00_V0.8.2_CANVAS_Cellular_architecture_and_neighborhood-informed_virtual_spatial_tumor_profiling.html",
  "candidate": "V0.8.2_COMPONENT_LOCKED_SMOKE.html",
  "canonical_sha256": "84c37e235f40e782c79de6625ddd9369cba64095f28bff75ae702fb5893f6ff1",
  "candidate_sha256": "7c72fe0c801a836d13334f84d47b6b8e053b547d4eaf9bdf001ccc76da624afb",
  "canonical_shell_sha256": "0f5f07b37476b0822699967b7b5275dbe460e4df3d8bc9ca32765f201bf0956a",
  "candidate_shell_sha256": "0f5f07b37476b0822699967b7b5275dbe460e4df3d8bc9ca32765f201bf0956a",
  "canonical_style_hashes": [
    "f775c1a545ae5fcc8f37e924688ab97d9ab0a49239c89d9ae5e5855c7361f2d2",
    "afd4b5de8744468403421ba82b97e10b054abca10512d5864da6ae298afd2fa0",
    "f82f1da605f7f77839bfef3d0a2b3be1154aedbae6e61d8ed62ff8adaa1d8268",
    "f81b9084ea6ef20186446db9baa9c415ef1d781316ba6d192ff8db3c8736160c",
    "4101554deeee96cd761b2f2ab80261fee454cc6f7b573c6bd39f93364d27ae35",
    "8f665ecc1b1f41d06bf7c5dd0774d6029f8b059751d2901bfcc0aef4bd3da269",
    "a0175adf0fb35d5da4c3c4d55c6a70e930e7575f0211fc67942aa5043f891ae1",
    "46ce2357d64a9530417760c526dcfe6f00aa95ff7cf6cc0b1304c3761e3c137f",
    "b59d633ba71d347cf6aa80ec1b61c4ceaa0035387fe8b70504d9989a99e8dd39",
    "8e475bd3924ac3e4be952771041cf9e65c0fbdfe4787d508e1302234369a769b",
    "1e2358b59d6dd01c9469f0ec37deacd4d32848fe39c79e422332a9e02f7c982a",
    "1466d3ab816b730a60de0d364f4b24f23798aa32b7ca9cda4efa9280e7071a95",
    "3fe54f99d0128c6b05b67a46c6e5164fccae91e7d044b4168040c0c42c074ab5",
    "1e9a0d4f384f0b43cc5d110acb807fe68308851064ad75ec4660a11b0551ef09",
    "94b0e20c1730cb0e549d5a51e6fd829d9484dc01113aaacc1b0271c40bb4deec"
  ],
  "candidate_style_hashes": [
    "f775c1a545ae5fcc8f37e924688ab97d9ab0a49239c89d9ae5e5855c7361f2d2",
    "afd4b5de8744468403421ba82b97e10b054abca10512d5864da6ae298afd2fa0",
    "f82f1da605f7f77839bfef3d0a2b3be1154aedbae6e61d8ed62ff8adaa1d8268",
    "f81b9084ea6ef20186446db9baa9c415ef1d781316ba6d192ff8db3c8736160c",
    "4101554deeee96cd761b2f2ab80261fee454cc6f7b573c6bd39f93364d27ae35",
    "8f665ecc1b1f41d06bf7c5dd0774d6029f8b059751d2901bfcc0aef4bd3da269",
    "a0175adf0fb35d5da4c3c4d55c6a70e930e7575f0211fc67942aa5043f891ae1",
    "46ce2357d64a9530417760c526dcfe6f00aa95ff7cf6cc0b1304c3761e3c137f",
    "b59d633ba71d347cf6aa80ec1b61c4ceaa0035387fe8b70504d9989a99e8dd39",
    "8e475bd3924ac3e4be952771041cf9e65c0fbdfe4787d508e1302234369a769b",
    "1e2358b59d6dd01c9469f0ec37deacd4d32848fe39c79e422332a9e02f7c982a",
    "1466d3ab816b730a60de0d364f4b24f23798aa32b7ca9cda4efa9280e7071a95",
    "3fe54f99d0128c6b05b67a46c6e5164fccae91e7d044b4168040c0c42c074ab5",
    "1e9a0d4f384f0b43cc5d110acb807fe68308851064ad75ec4660a11b0551ef09",
    "94b0e20c1730cb0e549d5a51e6fd829d9484dc01113aaacc1b0271c40bb4deec"
  ],
  "topbar_children": [
    {
      "tag": "button",
      "id": "tocBtn",
      "classes": []
    },
    {
      "tag": "div",
      "id": null,
      "classes": [
        "brand"
      ]
    },
    {
      "tag": "div",
      "id": null,
      "classes": [
        "search"
      ]
    },
    {
      "tag": "button",
      "id": "immersiveBtn",
      "classes": []
    },
    {
      "tag": "button",
      "id": "settingsBtn",
      "classes": []
    },
    {
      "tag": "button",
      "id": "annotationBtn",
      "classes": []
    },
    {
      "tag": "button",
      "id": "docMarkupBtn",
      "classes": []
    },
    {
      "tag": "button",
      "id": "pdfBtn",
      "classes": []
    },
    {
      "tag": "button",
      "id": "printBtn",
      "classes": []
    }
  ],
  "layout_children": [
    {
      "tag": "aside",
      "id": "sidebar",
      "classes": [
        "sidebar"
      ]
    },
    {
      "tag": "div",
      "id": "leftResizeHandle",
      "classes": [
        "resizer",
        "left-resizer"
      ]
    },
    {
      "tag": "main",
      "id": null,
      "classes": [
        "main"
      ]
    },
    {
      "tag": "div",
      "id": "rightResizeHandle",
      "classes": [
        "resizer",
        "right-resizer"
      ]
    },
    {
      "tag": "aside",
      "id": "viewer",
      "classes": [
        "viewer"
      ]
    }
  ],
  "errors": [],
  "passed": true
}
smoke_shell_rc=0
=== legacy migration/render ===
{"output": "experiments/V0.8.2_template_lock/manifests/MAAS_LEGACY_CONTENT.json", "paragraphs": 29, "assets": 17}
maas_migrate_rc=0
{"output": "experiments/V0.8.2_template_lock/manifests/VALANARASU_LEGACY_CONTENT.json", "paragraphs": 18, "assets": 6}
val_migrate_rc=0
{
  "output": "experiments/V0.8.2_template_lock/output/V0.8.2_COMPONENT_LOCKED_MAAS_LEGACY_CONTENT.html",
  "sha256": "d2f74fee469d74ad9be5c82cd75015813bc91c2e3e991845991175535b059246",
  "sections": 1,
  "paragraphs": 12,
  "assets": 17,
  "references": 0
}
MAAS_render_rc=0
{
  "file": "V0.8.2_COMPONENT_LOCKED_MAAS_LEGACY_CONTENT.html",
  "bilingual_units": 12,
  "figure_cards": 17,
  "table_cards": 0,
  "references": 0,
  "errors": [],
  "passed": true
}
{
  "canonical": "00_V0.8.2_CANVAS_Cellular_architecture_and_neighborhood-informed_virtual_spatial_tumor_profiling.html",
  "candidate": "V0.8.2_COMPONENT_LOCKED_MAAS_LEGACY_CONTENT.html",
  "canonical_sha256": "84c37e235f40e782c79de6625ddd9369cba64095f28bff75ae702fb5893f6ff1",
  "candidate_sha256": "d2f74fee469d74ad9be5c82cd75015813bc91c2e3e991845991175535b059246",
  "canonical_shell_sha256": "0f5f07b37476b0822699967b7b5275dbe460e4df3d8bc9ca32765f201bf0956a",
  "candidate_shell_sha256": "0f5f07b37476b0822699967b7b5275dbe460e4df3d8bc9ca32765f201bf0956a",
  "canonical_style_hashes": [
    "f775c1a545ae5fcc8f37e924688ab97d9ab0a49239c89d9ae5e5855c7361f2d2",
    "afd4b5de8744468403421ba82b97e10b054abca10512d5864da6ae298afd2fa0",
    "f82f1da605f7f77839bfef3d0a2b3be1154aedbae6e61d8ed62ff8adaa1d8268",
    "f81b9084ea6ef20186446db9baa9c415ef1d781316ba6d192ff8db3c8736160c",
    "4101554deeee96cd761b2f2ab80261fee454cc6f7b573c6bd39f93364d27ae35",
    "8f665ecc1b1f41d06bf7c5dd0774d6029f8b059751d2901bfcc0aef4bd3da269",
    "a0175adf0fb35d5da4c3c4d55c6a70e930e7575f0211fc67942aa5043f891ae1",
    "46ce2357d64a9530417760c526dcfe6f00aa95ff7cf6cc0b1304c3761e3c137f",
    "b59d633ba71d347cf6aa80ec1b61c4ceaa0035387fe8b70504d9989a99e8dd39",
    "8e475bd3924ac3e4be952771041cf9e65c0fbdfe4787d508e1302234369a769b",
    "1e2358b59d6dd01c9469f0ec37deacd4d32848fe39c79e422332a9e02f7c982a",
    "1466d3ab816b730a60de0d364f4b24f23798aa32b7ca9cda4efa9280e7071a95",
    "3fe54f99d0128c6b05b67a46c6e5164fccae91e7d044b4168040c0c42c074ab5",
    "1e9a0d4f384f0b43cc5d110acb807fe68308851064ad75ec4660a11b0551ef09",
    "94b0e20c1730cb0e549d5a51e6fd829d9484dc01113aaacc1b0271c40bb4deec"
  ],
  "candidate_style_hashes": [
    "f775c1a545ae5fcc8f37e924688ab97d9ab0a49239c89d9ae5e5855c7361f2d2",
    "afd4b5de8744468403421ba82b97e10b054abca10512d5864da6ae298afd2fa0",
    "f82f1da605f7f77839bfef3d0a2b3be1154aedbae6e61d8ed62ff8adaa1d8268",
    "f81b9084ea6ef20186446db9baa9c415ef1d781316ba6d192ff8db3c8736160c",
    "4101554deeee96cd761b2f2ab80261fee454cc6f7b573c6bd39f93364d27ae35",
    "8f665ecc1b1f41d06bf7c5dd0774d6029f8b059751d2901bfcc0aef4bd3da269",
    "a0175adf0fb35d5da4c3c4d55c6a70e930e7575f0211fc67942aa5043f891ae1",
    "46ce2357d64a9530417760c526dcfe6f00aa95ff7cf6cc0b1304c3761e3c137f",
    "b59d633ba71d347cf6aa80ec1b61c4ceaa0035387fe8b70504d9989a99e8dd39",
    "8e475bd3924ac3e4be952771041cf9e65c0fbdfe4787d508e1302234369a769b",
    "1e2358b59d6dd01c9469f0ec37deacd4d32848fe39c79e422332a9e02f7c982a",
    "1466d3ab816b730a60de0d364f4b24f23798aa32b7ca9cda4efa9280e7071a95",
    "3fe54f99d0128c6b05b67a46c6e5164fccae91e7d044b4168040c0c42c074ab5",
    "1e9a0d4f384f0b43cc5d110acb807fe68308851064ad75ec4660a11b0551ef09",
    "94b0e20c1730cb0e549d5a51e6fd829d9484dc01113aaacc1b0271c40bb4deec"
  ],
  "topbar_children": [
    {
      "tag": "button",
      "id": "tocBtn",
      "classes": []
    },
    {
      "tag": "div",
      "id": null,
      "classes": [
        "brand"
      ]
    },
    {
      "tag": "div",
      "id": null,
      "classes": [
        "search"
      ]
    },
    {
      "tag": "button",
      "id": "immersiveBtn",
      "classes": []
    },
    {
      "tag": "button",
      "id": "settingsBtn",
      "classes": []
    },
    {
      "tag": "button",
      "id": "annotationBtn",
      "classes": []
    },
    {
      "tag": "button",
      "id": "docMarkupBtn",
      "classes": []
    },
    {
      "tag": "button",
      "id": "pdfBtn",
      "classes": []
    },
    {
      "tag": "button",
      "id": "printBtn",
      "classes": []
    }
  ],
  "layout_children": [
    {
      "tag": "aside",
      "id": "sidebar",
      "classes": [
        "sidebar"
      ]
    },
    {
      "tag": "div",
      "id": "leftResizeHandle",
      "classes": [
        "resizer",
        "left-resizer"
      ]
    },
    {
      "tag": "main",
      "id": null,
      "classes": [
        "main"
      ]
    },
    {
      "tag": "div",
      "id": "rightResizeHandle",
      "classes": [
        "resizer",
        "right-resizer"
      ]
    },
    {
      "tag": "aside",
      "id": "viewer",
      "classes": [
        "viewer"
      ]
    }
  ],
  "errors": [],
  "passed": true
}
{
  "output": "experiments/V0.8.2_template_lock/output/V0.8.2_COMPONENT_LOCKED_VALANARASU_LEGACY_CONTENT.html",
  "sha256": "86e2bc2f846fbf322f052de0c58fbdd2bd69ebb2a9eae2c9f052d42a6810396b",
  "sections": 1,
  "paragraphs": 12,
  "assets": 6,
  "references": 0
}
VALANARASU_render_rc=0
{
  "file": "V0.8.2_COMPONENT_LOCKED_VALANARASU_LEGACY_CONTENT.html",
  "bilingual_units": 12,
  "figure_cards": 6,
  "table_cards": 0,
  "references": 0,
  "errors": [],
  "passed": true
}
{
  "canonical": "00_V0.8.2_CANVAS_Cellular_architecture_and_neighborhood-informed_virtual_spatial_tumor_profiling.html",
  "candidate": "V0.8.2_COMPONENT_LOCKED_VALANARASU_LEGACY_CONTENT.html",
  "canonical_sha256": "84c37e235f40e782c79de6625ddd9369cba64095f28bff75ae702fb5893f6ff1",
  "candidate_sha256": "86e2bc2f846fbf322f052de0c58fbdd2bd69ebb2a9eae2c9f052d42a6810396b",
  "canonical_shell_sha256": "0f5f07b37476b0822699967b7b5275dbe460e4df3d8bc9ca32765f201bf0956a",
  "candidate_shell_sha256": "0f5f07b37476b0822699967b7b5275dbe460e4df3d8bc9ca32765f201bf0956a",
  "canonical_style_hashes": [
    "f775c1a545ae5fcc8f37e924688ab97d9ab0a49239c89d9ae5e5855c7361f2d2",
    "afd4b5de8744468403421ba82b97e10b054abca10512d5864da6ae298afd2fa0",
    "f82f1da605f7f77839bfef3d0a2b3be1154aedbae6e61d8ed62ff8adaa1d8268",
    "f81b9084ea6ef20186446db9baa9c415ef1d781316ba6d192ff8db3c8736160c",
    "4101554deeee96cd761b2f2ab80261fee454cc6f7b573c6bd39f93364d27ae35",
    "8f665ecc1b1f41d06bf7c5dd0774d6029f8b059751d2901bfcc0aef4bd3da269",
    "a0175adf0fb35d5da4c3c4d55c6a70e930e7575f0211fc67942aa5043f891ae1",
    "46ce2357d64a9530417760c526dcfe6f00aa95ff7cf6cc0b1304c3761e3c137f",
    "b59d633ba71d347cf6aa80ec1b61c4ceaa0035387fe8b70504d9989a99e8dd39",
    "8e475bd3924ac3e4be952771041cf9e65c0fbdfe4787d508e1302234369a769b",
    "1e2358b59d6dd01c9469f0ec37deacd4d32848fe39c79e422332a9e02f7c982a",
    "1466d3ab816b730a60de0d364f4b24f23798aa32b7ca9cda4efa9280e7071a95",
    "3fe54f99d0128c6b05b67a46c6e5164fccae91e7d044b4168040c0c42c074ab5",
    "1e9a0d4f384f0b43cc5d110acb807fe68308851064ad75ec4660a11b0551ef09",
    "94b0e20c1730cb0e549d5a51e6fd829d9484dc01113aaacc1b0271c40bb4deec"
  ],
  "candidate_style_hashes": [
    "f775c1a545ae5fcc8f37e924688ab97d9ab0a49239c89d9ae5e5855c7361f2d2",
    "afd4b5de8744468403421ba82b97e10b054abca10512d5864da6ae298afd2fa0",
    "f82f1da605f7f77839bfef3d0a2b3be1154aedbae6e61d8ed62ff8adaa1d8268",
    "f81b9084ea6ef20186446db9baa9c415ef1d781316ba6d192ff8db3c8736160c",
    "4101554deeee96cd761b2f2ab80261fee454cc6f7b573c6bd39f93364d27ae35",
    "8f665ecc1b1f41d06bf7c5dd0774d6029f8b059751d2901bfcc0aef4bd3da269",
    "a0175adf0fb35d5da4c3c4d55c6a70e930e7575f0211fc67942aa5043f891ae1",
    "46ce2357d64a9530417760c526dcfe6f00aa95ff7cf6cc0b1304c3761e3c137f",
    "b59d633ba71d347cf6aa80ec1b61c4ceaa0035387fe8b70504d9989a99e8dd39",
    "8e475bd3924ac3e4be952771041cf9e65c0fbdfe4787d508e1302234369a769b",
    "1e2358b59d6dd01c9469f0ec37deacd4d32848fe39c79e422332a9e02f7c982a",
    "1466d3ab816b730a60de0d364f4b24f23798aa32b7ca9cda4efa9280e7071a95",
    "3fe54f99d0128c6b05b67a46c6e5164fccae91e7d044b4168040c0c42c074ab5",
    "1e9a0d4f384f0b43cc5d110acb807fe68308851064ad75ec4660a11b0551ef09",
    "94b0e20c1730cb0e549d5a51e6fd829d9484dc01113aaacc1b0271c40bb4deec"
  ],
  "topbar_children": [
    {
      "tag": "button",
      "id": "tocBtn",
      "classes": []
    },
    {
      "tag": "div",
      "id": null,
      "classes": [
        "brand"
      ]
    },
    {
      "tag": "div",
      "id": null,
      "classes": [
        "search"
      ]
    },
    {
      "tag": "button",
      "id": "immersiveBtn",
      "classes": []
    },
    {
      "tag": "button",
      "id": "settingsBtn",
      "classes": []
    },
    {
      "tag": "button",
      "id": "annotationBtn",
      "classes": []
    },
    {
      "tag": "button",
      "id": "docMarkupBtn",
      "classes": []
    },
    {
      "tag": "button",
      "id": "pdfBtn",
      "classes": []
    },
    {
      "tag": "button",
      "id": "printBtn",
      "classes": []
    }
  ],
  "layout_children": [
    {
      "tag": "aside",
      "id": "sidebar",
      "classes": [
        "sidebar"
      ]
    },
    {
      "tag": "div",
      "id": "leftResizeHandle",
      "classes": [
        "resizer",
        "left-resizer"
      ]
    },
    {
      "tag": "main",
      "id": null,
      "classes": [
        "main"
      ]
    },
    {
      "tag": "div",
      "id": "rightResizeHandle",
      "classes": [
        "resizer",
        "right-resizer"
      ]
    },
    {
      "tag": "aside",
      "id": "viewer",
      "classes": [
        "viewer"
      ]
    }
  ],
  "errors": [],
  "passed": true
}
